<?xml version="1.0" encoding="UTF-8"?>
<TestRun id="5a523a7c-5440-4768-862b-5ffd5ebbb61a" name="320067390@INGBTCPIC5NBZZ5 2019-09-15 14:16:46" runUser="CODE1\320067390" xmlns="http://microsoft.com/schemas/VisualStudio/TeamTest/2010">
  <TestSettings name="Default Test Settings" id="61a9b5ba-71f0-45bc-a173-2a8fc1169c16">
    <Execution>
      <TestTypeSpecific />
      <AgentRule name="Execution Agents">
      </AgentRule>
    </Execution>
    <Deployment runDeploymentRoot="320067390_INGBTCPIC5NBZZ5 2019-09-15 14_16_46" />
    <Properties />
  </TestSettings>
  <Times creation="2019-09-15T14:16:46.2876844+05:30" queuing="2019-09-15T14:16:46.7836848+05:30" start="2019-09-15T14:16:46.8396638+05:30" finish="2019-09-15T14:16:47.2026673+05:30" />
  <ResultSummary outcome="Completed">
    <Counters total="2" executed="2" passed="2" error="0" failed="0" timeout="0" aborted="0" inconclusive="0" passedButRunAborted="0" notRunnable="0" notExecuted="0" disconnected="0" warning="0" completed="0" inProgress="0" pending="0" />
  </ResultSummary>
  <TestDefinitions>
    <UnitTest name="Given_ValidJsonString_When_IsValidFormatInvoked_Expected_True" storage="c:\users\320067390\music\patientmonitorserverapi2\patientmonitorserverapi\jsonformatvalidatorlib.tests\bin\debug\jsonformatvalidatorlib.tests.dll" id="d72d92d5-a826-2447-739d-b199361f417c">
      <Execution id="843f3a73-98d1-4605-87f1-a034d9ce2a42" />
      <TestMethod codeBase="C:/Users/320067390/Music/PatientMonitorServerApi2/PatientMonitorServerApi/JsonFormatValidatorLib.Tests/bin/Debug/JsonFormatValidatorLib.Tests.DLL" adapterTypeName="Microsoft.VisualStudio.TestTools.TestTypes.Unit.UnitTestAdapter, Microsoft.VisualStudio.QualityTools.Tips.UnitTest.Adapter, Version=12.0.0.0, Culture=neutral, PublicKeyToken=b03f5f7f11d50a3a" className="JsonFormatValidatorLib.Tests.JsonFormatValidatorUnitTest, JsonFormatValidatorLib.Tests, Version=1.0.0.0, Culture=neutral, PublicKeyToken=null" name="Given_ValidJsonString_When_IsValidFormatInvoked_Expected_True" />
    </UnitTest>
    <UnitTest name="Given_InvalidJsonString_When_IsValidFormatInvoked_Expected_False" storage="c:\users\320067390\music\patientmonitorserverapi2\patientmonitorserverapi\jsonformatvalidatorlib.tests\bin\debug\jsonformatvalidatorlib.tests.dll" id="be54d455-bac2-b14e-3904-fd47c6505dec">
      <Execution id="4ddc38ec-b505-407c-bcd3-91cb58eaaa3f" />
      <TestMethod codeBase="C:/Users/320067390/Music/PatientMonitorServerApi2/PatientMonitorServerApi/JsonFormatValidatorLib.Tests/bin/Debug/JsonFormatValidatorLib.Tests.DLL" adapterTypeName="Microsoft.VisualStudio.TestTools.TestTypes.Unit.UnitTestAdapter, Microsoft.VisualStudio.QualityTools.Tips.UnitTest.Adapter, Version=12.0.0.0, Culture=neutral, PublicKeyToken=b03f5f7f11d50a3a" className="JsonFormatValidatorLib.Tests.JsonFormatValidatorUnitTest, JsonFormatValidatorLib.Tests, Version=1.0.0.0, Culture=neutral, PublicKeyToken=null" name="Given_InvalidJsonString_When_IsValidFormatInvoked_Expected_False" />
    </UnitTest>
  </TestDefinitions>
  <TestLists>
    <TestList name="Results Not in a List" id="8c84fa94-04c1-424b-9868-57a2d4851a1d" />
    <TestList name="All Loaded Results" id="19431567-8539-422a-85d7-44ee4e166bda" />
  </TestLists>
  <TestEntries>
    <TestEntry testId="be54d455-bac2-b14e-3904-fd47c6505dec" executionId="4ddc38ec-b505-407c-bcd3-91cb58eaaa3f" testListId="8c84fa94-04c1-424b-9868-57a2d4851a1d" />
    <TestEntry testId="d72d92d5-a826-2447-739d-b199361f417c" executionId="843f3a73-98d1-4605-87f1-a034d9ce2a42" testListId="8c84fa94-04c1-424b-9868-57a2d4851a1d" />
  </TestEntries>
  <Results>
    <UnitTestResult executionId="4ddc38ec-b505-407c-bcd3-91cb58eaaa3f" testId="be54d455-bac2-b14e-3904-fd47c6505dec" testName="Given_InvalidJsonString_When_IsValidFormatInvoked_Expected_False" computerName="INGBTCPIC5NBZZ5" duration="00:00:00.0480411" startTime="2019-09-15T14:16:46.8666809+05:30" endTime="2019-09-15T14:16:47.1636332+05:30" testType="13cdc9d9-ddb5-4fa4-a97d-d965ccfc6d4b" outcome="Passed" testListId="8c84fa94-04c1-424b-9868-57a2d4851a1d" relativeResultsDirectory="4ddc38ec-b505-407c-bcd3-91cb58eaaa3f">
    </UnitTestResult>
    <UnitTestResult executionId="843f3a73-98d1-4605-87f1-a034d9ce2a42" testId="d72d92d5-a826-2447-739d-b199361f417c" testName="Given_ValidJsonString_When_IsValidFormatInvoked_Expected_True" computerName="INGBTCPIC5NBZZ5" duration="00:00:00.0075532" startTime="2019-09-15T14:16:47.1646340+05:30" endTime="2019-09-15T14:16:47.1746669+05:30" testType="13cdc9d9-ddb5-4fa4-a97d-d965ccfc6d4b" outcome="Passed" testListId="8c84fa94-04c1-424b-9868-57a2d4851a1d" relativeResultsDirectory="843f3a73-98d1-4605-87f1-a034d9ce2a42">
    </UnitTestResult>
  </Results>
</TestRun>